Archive member included to satisfy reference by file (symbol)

e:/programming/files/avr8-gnu-toolchain/bin/../lib/gcc/avr/4.9.2/avr51\libgcc.a(_udivmodsi4.o)
                              obj\Debug\MCAL_ATmega128\source\uart.o (__udivmodsi4)
e:/programming/files/avr8-gnu-toolchain/bin/../lib/gcc/avr/4.9.2/avr51\libgcc.a(_exit.o)
                              e:/programming/files/avr8-gnu-toolchain/bin/../lib/gcc/avr/4.9.2/../../../../avr/lib/avr51/crtatmega128.o (exit)
e:/programming/files/avr8-gnu-toolchain/bin/../lib/gcc/avr/4.9.2/avr51\libgcc.a(_copy_data.o)
                              obj\Debug\MCAL_ATmega128\source\gpio.o (__do_copy_data)
e:/programming/files/avr8-gnu-toolchain/bin/../lib/gcc/avr/4.9.2/avr51\libgcc.a(_clear_bss.o)
                              obj\Debug\MCAL_ATmega128\source\adc.o (__do_clear_bss)
e:/programming/files/avr8-gnu-toolchain/bin/../lib/gcc/avr/4.9.2/../../../../avr/lib/avr51\libm.a(fixunssfsi.o)
                              obj\Debug\MCAL_ATmega128\source\timer.o (__fixunssfsi)
e:/programming/files/avr8-gnu-toolchain/bin/../lib/gcc/avr/4.9.2/../../../../avr/lib/avr51\libm.a(floatsisf.o)
                              obj\Debug\MCAL_ATmega128\source\timer.o (__floatsisf)
e:/programming/files/avr8-gnu-toolchain/bin/../lib/gcc/avr/4.9.2/../../../../avr/lib/avr51\libm.a(fp_split3.o)
                              e:/programming/files/avr8-gnu-toolchain/bin/../lib/gcc/avr/4.9.2/../../../../avr/lib/avr51\libm.a(fixunssfsi.o) (__fp_splitA)
e:/programming/files/avr8-gnu-toolchain/bin/../lib/gcc/avr/4.9.2/../../../../avr/lib/avr51\libm.a(fp_zero.o)
                              e:/programming/files/avr8-gnu-toolchain/bin/../lib/gcc/avr/4.9.2/../../../../avr/lib/avr51\libm.a(fixunssfsi.o) (__fp_zero)
e:/programming/files/avr8-gnu-toolchain/bin/../lib/gcc/avr/4.9.2/../../../../avr/lib/avr51\libm.a(mulsf3.o)
                              obj\Debug\MCAL_ATmega128\source\timer.o (__mulsf3)
e:/programming/files/avr8-gnu-toolchain/bin/../lib/gcc/avr/4.9.2/../../../../avr/lib/avr51\libm.a(mulsf3x.o)
                              e:/programming/files/avr8-gnu-toolchain/bin/../lib/gcc/avr/4.9.2/../../../../avr/lib/avr51\libm.a(mulsf3.o) (__mulsf3x)
e:/programming/files/avr8-gnu-toolchain/bin/../lib/gcc/avr/4.9.2/../../../../avr/lib/avr51\libm.a(fp_inf.o)
                              e:/programming/files/avr8-gnu-toolchain/bin/../lib/gcc/avr/4.9.2/../../../../avr/lib/avr51\libm.a(mulsf3x.o) (__fp_inf)
e:/programming/files/avr8-gnu-toolchain/bin/../lib/gcc/avr/4.9.2/../../../../avr/lib/avr51\libm.a(fp_nan.o)
                              e:/programming/files/avr8-gnu-toolchain/bin/../lib/gcc/avr/4.9.2/../../../../avr/lib/avr51\libm.a(mulsf3x.o) (__fp_nan)
e:/programming/files/avr8-gnu-toolchain/bin/../lib/gcc/avr/4.9.2/../../../../avr/lib/avr51\libm.a(fp_pscA.o)
                              e:/programming/files/avr8-gnu-toolchain/bin/../lib/gcc/avr/4.9.2/../../../../avr/lib/avr51\libm.a(mulsf3x.o) (__fp_pscA)
e:/programming/files/avr8-gnu-toolchain/bin/../lib/gcc/avr/4.9.2/../../../../avr/lib/avr51\libm.a(fp_pscB.o)
                              e:/programming/files/avr8-gnu-toolchain/bin/../lib/gcc/avr/4.9.2/../../../../avr/lib/avr51\libm.a(mulsf3x.o) (__fp_pscB)
e:/programming/files/avr8-gnu-toolchain/bin/../lib/gcc/avr/4.9.2/../../../../avr/lib/avr51\libm.a(fp_round.o)
                              e:/programming/files/avr8-gnu-toolchain/bin/../lib/gcc/avr/4.9.2/../../../../avr/lib/avr51\libm.a(mulsf3.o) (__fp_round)

Memory Configuration

Name             Origin             Length             Attributes
text             0x00000000         0x00020000         xr
data             0x00800100         0x0000ff00         rw !x
eeprom           0x00810000         0x00010000         rw !x
fuse             0x00820000         0x00000003         rw !x
lock             0x00830000         0x00000400         rw !x
signature        0x00840000         0x00000400         rw !x
user_signatures  0x00850000         0x00000400         rw !x
*default*        0x00000000         0xffffffff

Linker script and memory map

Address of section .data set to 0x800100
LOAD e:/programming/files/avr8-gnu-toolchain/bin/../lib/gcc/avr/4.9.2/../../../../avr/lib/avr51/crtatmega128.o
LOAD obj\Debug\MCAL_ATmega128\source\adc.o
LOAD obj\Debug\MCAL_ATmega128\source\gpio.o
LOAD obj\Debug\MCAL_ATmega128\source\timer.o
LOAD obj\Debug\MCAL_ATmega128\source\uart.o
LOAD obj\Debug\Applications\LogicAnalyzer\main.o
LOAD e:/programming/files/avr8-gnu-toolchain/bin/../lib/gcc/avr/4.9.2/avr51\libgcc.a
LOAD e:/programming/files/avr8-gnu-toolchain/bin/../lib/gcc/avr/4.9.2/../../../../avr/lib/avr51\libm.a
START GROUP
LOAD e:/programming/files/avr8-gnu-toolchain/bin/../lib/gcc/avr/4.9.2/avr51\libgcc.a
LOAD e:/programming/files/avr8-gnu-toolchain/bin/../lib/gcc/avr/4.9.2/../../../../avr/lib/avr51\libm.a
LOAD e:/programming/files/avr8-gnu-toolchain/bin/../lib/gcc/avr/4.9.2/../../../../avr/lib/avr51\libc.a
LOAD e:/programming/files/avr8-gnu-toolchain/bin/../lib/gcc/avr/4.9.2/../../../../avr/lib/avr51\libatmega128.a
END GROUP
                0x00020000                __TEXT_REGION_LENGTH__ = DEFINED (__TEXT_REGION_LENGTH__)?__TEXT_REGION_LENGTH__:0x20000
                0x0000ff00                __DATA_REGION_LENGTH__ = DEFINED (__DATA_REGION_LENGTH__)?__DATA_REGION_LENGTH__:0xff00
                0x00010000                __EEPROM_REGION_LENGTH__ = DEFINED (__EEPROM_REGION_LENGTH__)?__EEPROM_REGION_LENGTH__:0x10000
                [0x00000003]                __FUSE_REGION_LENGTH__ = DEFINED (__FUSE_REGION_LENGTH__)?__FUSE_REGION_LENGTH__:0x400
                0x00000400                __LOCK_REGION_LENGTH__ = DEFINED (__LOCK_REGION_LENGTH__)?__LOCK_REGION_LENGTH__:0x400
                0x00000400                __SIGNATURE_REGION_LENGTH__ = DEFINED (__SIGNATURE_REGION_LENGTH__)?__SIGNATURE_REGION_LENGTH__:0x400
                0x00000400                __USER_SIGNATURE_REGION_LENGTH__ = DEFINED (__USER_SIGNATURE_REGION_LENGTH__)?__USER_SIGNATURE_REGION_LENGTH__:0x400

.hash
 *(.hash)

.dynsym
 *(.dynsym)

.dynstr
 *(.dynstr)

.gnu.version
 *(.gnu.version)

.gnu.version_d
 *(.gnu.version_d)

.gnu.version_r
 *(.gnu.version_r)

.rel.init
 *(.rel.init)

.rela.init
 *(.rela.init)

.rel.text
 *(.rel.text)
 *(.rel.text.*)
 *(.rel.gnu.linkonce.t*)

.rela.text
 *(.rela.text)
 *(.rela.text.*)
 *(.rela.gnu.linkonce.t*)

.rel.fini
 *(.rel.fini)

.rela.fini
 *(.rela.fini)

.rel.rodata
 *(.rel.rodata)
 *(.rel.rodata.*)
 *(.rel.gnu.linkonce.r*)

.rela.rodata
 *(.rela.rodata)
 *(.rela.rodata.*)
 *(.rela.gnu.linkonce.r*)

.rel.data
 *(.rel.data)
 *(.rel.data.*)
 *(.rel.gnu.linkonce.d*)

.rela.data
 *(.rela.data)
 *(.rela.data.*)
 *(.rela.gnu.linkonce.d*)

.rel.ctors
 *(.rel.ctors)

.rela.ctors
 *(.rela.ctors)

.rel.dtors
 *(.rel.dtors)

.rela.dtors
 *(.rela.dtors)

.rel.got
 *(.rel.got)

.rela.got
 *(.rela.got)

.rel.bss
 *(.rel.bss)

.rela.bss
 *(.rela.bss)

.rel.plt
 *(.rel.plt)

.rela.plt
 *(.rela.plt)

.text           0x00000000     0x1aca
 *(.vectors)
 .vectors       0x00000000       0x8c e:/programming/files/avr8-gnu-toolchain/bin/../lib/gcc/avr/4.9.2/../../../../avr/lib/avr51/crtatmega128.o
                0x00000000                __vector_default
                0x00000000                __vectors
 *(.vectors)
 *(.progmem.gcc*)
                0x0000008c                . = ALIGN (0x2)
                0x0000008c                __trampolines_start = .
 *(.trampolines)
 .trampolines   0x0000008c        0x0 linker stubs
 *(.trampolines*)
                0x0000008c                __trampolines_end = .
 *libprintf_flt.a:*(.progmem.data)
 *libc.a:*(.progmem.data)
 *(.progmem*)
                0x0000008c                . = ALIGN (0x2)
 *(.jumptables)
 *(.jumptables*)
 *(.lowtext)
 *(.lowtext*)
                0x0000008c                __ctors_start = .
 *(.ctors)
                0x0000008c                __ctors_end = .
                0x0000008c                __dtors_start = .
 *(.dtors)
                0x0000008c                __dtors_end = .
 SORT(*)(.ctors)
 SORT(*)(.dtors)
 *(.init0)
 .init0         0x0000008c        0x0 e:/programming/files/avr8-gnu-toolchain/bin/../lib/gcc/avr/4.9.2/../../../../avr/lib/avr51/crtatmega128.o
                0x0000008c                __init
 *(.init0)
 *(.init1)
 *(.init1)
 *(.init2)
 .init2         0x0000008c        0xc e:/programming/files/avr8-gnu-toolchain/bin/../lib/gcc/avr/4.9.2/../../../../avr/lib/avr51/crtatmega128.o
 *(.init2)
 *(.init3)
 *(.init3)
 *(.init4)
 .init4         0x00000098       0x1a e:/programming/files/avr8-gnu-toolchain/bin/../lib/gcc/avr/4.9.2/avr51\libgcc.a(_copy_data.o)
                0x00000098                __do_copy_data
 .init4         0x000000b2       0x10 e:/programming/files/avr8-gnu-toolchain/bin/../lib/gcc/avr/4.9.2/avr51\libgcc.a(_clear_bss.o)
                0x000000b2                __do_clear_bss
 *(.init4)
 *(.init5)
 *(.init5)
 *(.init6)
 *(.init6)
 *(.init7)
 *(.init7)
 *(.init8)
 *(.init8)
 *(.init9)
 .init9         0x000000c2        0x8 e:/programming/files/avr8-gnu-toolchain/bin/../lib/gcc/avr/4.9.2/../../../../avr/lib/avr51/crtatmega128.o
 *(.init9)
 *(.text)
 .text          0x000000ca        0x4 e:/programming/files/avr8-gnu-toolchain/bin/../lib/gcc/avr/4.9.2/../../../../avr/lib/avr51/crtatmega128.o
                0x000000ca                __vector_22
                0x000000ca                __vector_1
                0x000000ca                __vector_32
                0x000000ca                __vector_34
                0x000000ca                __bad_interrupt
                0x000000ca                __vector_6
                0x000000ca                __vector_31
                0x000000ca                __vector_3
                0x000000ca                __vector_23
                0x000000ca                __vector_17
                0x000000ca                __vector_19
                0x000000ca                __vector_7
                0x000000ca                __vector_5
                0x000000ca                __vector_33
                0x000000ca                __vector_4
                0x000000ca                __vector_2
                0x000000ca                __vector_8
                0x000000ca                __vector_20
 .text          0x000000ce       0xc0 obj\Debug\MCAL_ATmega128\source\adc.o
                0x000000ce                __vector_21
                0x0000012c                Adc0_Init
                0x0000015c                Adc0_SetChannel
                0x00000168                Adc0_CbConvComp
                0x0000017c                Adc0_Read
 .text          0x0000018e       0xa0 obj\Debug\MCAL_ATmega128\source\gpio.o
                0x0000018e                Gpio_Init
                0x00000222                Gpio_InitTimer0
                0x00000224                Gpio_InitTimer1
                0x00000226                Gpio_InitTimer2
                0x00000228                Gpio_InitTimer3
                0x0000022a                Gpio_InitSpi0
                0x0000022c                Gpio_InitAdc0
 .text          0x0000022e      0xf84 obj\Debug\MCAL_ATmega128\source\timer.o
                0x0000022e                __vector_16
                0x00000284                __vector_15
                0x000002da                __vector_14
                0x00000330                __vector_12
                0x00000386                __vector_13
                0x000003dc                __vector_24
                0x00000432                __vector_11
                0x00000488                __vector_10
                0x000004de                __vector_9
                0x00000534                __vector_29
                0x0000058a                __vector_26
                0x000005e0                __vector_27
                0x00000636                __vector_28
                0x0000068c                __vector_25
                0x000006e2                Timer0_Start
                0x000006f6                Timer0_Reset
                0x000006fa                Timer0_Stop
                0x00000702                Timer0_Count
                0x0000076e                Timer0_SetDc
                0x0000079c                Timer0_SetTime
                0x00000884                Timer0_Init
                0x0000090e                Timer0_SetCmpMatch
                0x00000912                Timer0_CbOverflow
                0x00000930                Timer0_CbCmpMatch
                0x0000094e                Timer0_IsOverflow
                0x00000960                Timer0_IsCmpMatch
                0x00000974                Timer1_Start
                0x0000098a                Timer1_Reset
                0x00000990                Timer1_Stop
                0x00000998                Timer1_Count
                0x00000a04                Timer1_SetDc
                0x00000a3e                Timer1_SetTime
                0x00000af2                Timer1_Init
                0x00000b88                Timer1_SetCmpMatch
                0x00000b8c                Timer1_CbOverflow
                0x00000baa                Timer1_CbCmpMatch
                0x00000bc8                Timer1_CbCapture
                0x00000be6                Timer1_IsOverflow
                0x00000bfa                Timer1_IsCmpMatch
                0x00000c0e                Timer1_IsCapture
                0x00000c22                Timer2_Start
                0x00000c36                Timer2_Reset
                0x00000c3a                Timer2_Stop
                0x00000c42                Timer2_Count
                0x00000cae                Timer2_SetDc
                0x00000ce6                Timer2_SetTime
                0x00000dce                Timer2_Init
                0x00000e5a                Timer2_SetCmpMatch
                0x00000e5e                Timer2_CbOverflow
                0x00000e7c                Timer2_CbCmpMatch
                0x00000e9a                Timer2_IsOverflow
                0x00000eae                Timer2_IsCmpMatch
                0x00000ec0                Timer3_Start
                0x00000ede                Timer3_Reset
                0x00000ee8                Timer3_Stop
                0x00000ef4                Timer3_Count
                0x00000f64                Timer3_SetDc
                0x00000fb2                Timer3_SetTime
                0x0000106e                Timer3_Init
                0x00001118                Timer3_SetCmpMatch
                0x0000111c                Timer3_CbOverflow
                0x0000113a                Timer3_CbCmpMatch
                0x00001158                Timer3_CbCapture
                0x00001176                Timer3_IsOverflow
                0x0000118a                Timer3_IsCmpMatch
                0x0000119e                Timer3_IsCapture
 .text          0x000011b2      0x51e obj\Debug\MCAL_ATmega128\source\uart.o
                0x000011b2                __vector_18
                0x0000120a                __vector_30
                0x00001264                Uart0_Init
                0x000012a8                Uart0_CbRecv
                0x000012be                Uart0_PutC
                0x000012c6                Uart0_PutA
                0x00001330                Uart0_PutS
                0x00001348                Uart0_GetC
                0x00001354                Uart0_GetA
                0x000013be                Uart0_GetS
                0x00001420                Uart0_Get
                0x0000147e                Uart1_Init
                0x000014d8                Uart1_CbRecv
                0x000014fe                Uart1_PutC
                0x0000150c                Uart1_PutA
                0x00001576                Uart1_PutS
                0x0000158e                Uart1_GetC
                0x000015a0                Uart1_GetA
                0x0000160a                Uart1_GetS
                0x0000166c                Uart1_Get
 .text          0x000016d0       0x90 obj\Debug\Applications\LogicAnalyzer\main.o
                0x000016d0                receive_command
 .text          0x00001760        0x0 e:/programming/files/avr8-gnu-toolchain/bin/../lib/gcc/avr/4.9.2/avr51\libgcc.a(_udivmodsi4.o)
 .text          0x00001760        0x0 e:/programming/files/avr8-gnu-toolchain/bin/../lib/gcc/avr/4.9.2/avr51\libgcc.a(_exit.o)
 .text          0x00001760        0x0 e:/programming/files/avr8-gnu-toolchain/bin/../lib/gcc/avr/4.9.2/avr51\libgcc.a(_copy_data.o)
 .text          0x00001760        0x0 e:/programming/files/avr8-gnu-toolchain/bin/../lib/gcc/avr/4.9.2/avr51\libgcc.a(_clear_bss.o)
 .text          0x00001760        0x0 e:/programming/files/avr8-gnu-toolchain/bin/../lib/gcc/avr/4.9.2/../../../../avr/lib/avr51\libm.a(fixunssfsi.o)
 .text          0x00001760        0x0 e:/programming/files/avr8-gnu-toolchain/bin/../lib/gcc/avr/4.9.2/../../../../avr/lib/avr51\libm.a(floatsisf.o)
 .text          0x00001760        0x0 e:/programming/files/avr8-gnu-toolchain/bin/../lib/gcc/avr/4.9.2/../../../../avr/lib/avr51\libm.a(fp_split3.o)
 .text          0x00001760        0x0 e:/programming/files/avr8-gnu-toolchain/bin/../lib/gcc/avr/4.9.2/../../../../avr/lib/avr51\libm.a(fp_zero.o)
 .text          0x00001760        0x0 e:/programming/files/avr8-gnu-toolchain/bin/../lib/gcc/avr/4.9.2/../../../../avr/lib/avr51\libm.a(mulsf3.o)
 .text          0x00001760        0x0 e:/programming/files/avr8-gnu-toolchain/bin/../lib/gcc/avr/4.9.2/../../../../avr/lib/avr51\libm.a(mulsf3x.o)
 .text          0x00001760        0x0 e:/programming/files/avr8-gnu-toolchain/bin/../lib/gcc/avr/4.9.2/../../../../avr/lib/avr51\libm.a(fp_inf.o)
 .text          0x00001760        0x0 e:/programming/files/avr8-gnu-toolchain/bin/../lib/gcc/avr/4.9.2/../../../../avr/lib/avr51\libm.a(fp_nan.o)
 .text          0x00001760        0x0 e:/programming/files/avr8-gnu-toolchain/bin/../lib/gcc/avr/4.9.2/../../../../avr/lib/avr51\libm.a(fp_pscA.o)
 .text          0x00001760        0x0 e:/programming/files/avr8-gnu-toolchain/bin/../lib/gcc/avr/4.9.2/../../../../avr/lib/avr51\libm.a(fp_pscB.o)
 .text          0x00001760        0x0 e:/programming/files/avr8-gnu-toolchain/bin/../lib/gcc/avr/4.9.2/../../../../avr/lib/avr51\libm.a(fp_round.o)
                0x00001760                . = ALIGN (0x2)
 *(.text.*)
 .text.startup  0x00001760       0xce obj\Debug\Applications\LogicAnalyzer\main.o
                0x00001760                main
 .text.libgcc.mul
                0x0000182e        0x0 e:/programming/files/avr8-gnu-toolchain/bin/../lib/gcc/avr/4.9.2/avr51\libgcc.a(_udivmodsi4.o)
 .text.libgcc.div
                0x0000182e       0x44 e:/programming/files/avr8-gnu-toolchain/bin/../lib/gcc/avr/4.9.2/avr51\libgcc.a(_udivmodsi4.o)
                0x0000182e                __udivmodsi4
 .text.libgcc   0x00001872        0x0 e:/programming/files/avr8-gnu-toolchain/bin/../lib/gcc/avr/4.9.2/avr51\libgcc.a(_udivmodsi4.o)
 .text.libgcc.prologue
                0x00001872        0x0 e:/programming/files/avr8-gnu-toolchain/bin/../lib/gcc/avr/4.9.2/avr51\libgcc.a(_udivmodsi4.o)
 .text.libgcc.builtins
                0x00001872        0x0 e:/programming/files/avr8-gnu-toolchain/bin/../lib/gcc/avr/4.9.2/avr51\libgcc.a(_udivmodsi4.o)
 .text.libgcc.fmul
                0x00001872        0x0 e:/programming/files/avr8-gnu-toolchain/bin/../lib/gcc/avr/4.9.2/avr51\libgcc.a(_udivmodsi4.o)
 .text.libgcc.fixed
                0x00001872        0x0 e:/programming/files/avr8-gnu-toolchain/bin/../lib/gcc/avr/4.9.2/avr51\libgcc.a(_udivmodsi4.o)
 .text.libgcc.mul
                0x00001872        0x0 e:/programming/files/avr8-gnu-toolchain/bin/../lib/gcc/avr/4.9.2/avr51\libgcc.a(_exit.o)
 .text.libgcc.div
                0x00001872        0x0 e:/programming/files/avr8-gnu-toolchain/bin/../lib/gcc/avr/4.9.2/avr51\libgcc.a(_exit.o)
 .text.libgcc   0x00001872        0x0 e:/programming/files/avr8-gnu-toolchain/bin/../lib/gcc/avr/4.9.2/avr51\libgcc.a(_exit.o)
 .text.libgcc.prologue
                0x00001872        0x0 e:/programming/files/avr8-gnu-toolchain/bin/../lib/gcc/avr/4.9.2/avr51\libgcc.a(_exit.o)
 .text.libgcc.builtins
                0x00001872        0x0 e:/programming/files/avr8-gnu-toolchain/bin/../lib/gcc/avr/4.9.2/avr51\libgcc.a(_exit.o)
 .text.libgcc.fmul
                0x00001872        0x0 e:/programming/files/avr8-gnu-toolchain/bin/../lib/gcc/avr/4.9.2/avr51\libgcc.a(_exit.o)
 .text.libgcc.fixed
                0x00001872        0x0 e:/programming/files/avr8-gnu-toolchain/bin/../lib/gcc/avr/4.9.2/avr51\libgcc.a(_exit.o)
 .text.libgcc.mul
                0x00001872        0x0 e:/programming/files/avr8-gnu-toolchain/bin/../lib/gcc/avr/4.9.2/avr51\libgcc.a(_copy_data.o)
 .text.libgcc.div
                0x00001872        0x0 e:/programming/files/avr8-gnu-toolchain/bin/../lib/gcc/avr/4.9.2/avr51\libgcc.a(_copy_data.o)
 .text.libgcc   0x00001872        0x0 e:/programming/files/avr8-gnu-toolchain/bin/../lib/gcc/avr/4.9.2/avr51\libgcc.a(_copy_data.o)
 .text.libgcc.prologue
                0x00001872        0x0 e:/programming/files/avr8-gnu-toolchain/bin/../lib/gcc/avr/4.9.2/avr51\libgcc.a(_copy_data.o)
 .text.libgcc.builtins
                0x00001872        0x0 e:/programming/files/avr8-gnu-toolchain/bin/../lib/gcc/avr/4.9.2/avr51\libgcc.a(_copy_data.o)
 .text.libgcc.fmul
                0x00001872        0x0 e:/programming/files/avr8-gnu-toolchain/bin/../lib/gcc/avr/4.9.2/avr51\libgcc.a(_copy_data.o)
 .text.libgcc.fixed
                0x00001872        0x0 e:/programming/files/avr8-gnu-toolchain/bin/../lib/gcc/avr/4.9.2/avr51\libgcc.a(_copy_data.o)
 .text.libgcc.mul
                0x00001872        0x0 e:/programming/files/avr8-gnu-toolchain/bin/../lib/gcc/avr/4.9.2/avr51\libgcc.a(_clear_bss.o)
 .text.libgcc.div
                0x00001872        0x0 e:/programming/files/avr8-gnu-toolchain/bin/../lib/gcc/avr/4.9.2/avr51\libgcc.a(_clear_bss.o)
 .text.libgcc   0x00001872        0x0 e:/programming/files/avr8-gnu-toolchain/bin/../lib/gcc/avr/4.9.2/avr51\libgcc.a(_clear_bss.o)
 .text.libgcc.prologue
                0x00001872        0x0 e:/programming/files/avr8-gnu-toolchain/bin/../lib/gcc/avr/4.9.2/avr51\libgcc.a(_clear_bss.o)
 .text.libgcc.builtins
                0x00001872        0x0 e:/programming/files/avr8-gnu-toolchain/bin/../lib/gcc/avr/4.9.2/avr51\libgcc.a(_clear_bss.o)
 .text.libgcc.fmul
                0x00001872        0x0 e:/programming/files/avr8-gnu-toolchain/bin/../lib/gcc/avr/4.9.2/avr51\libgcc.a(_clear_bss.o)
 .text.libgcc.fixed
                0x00001872        0x0 e:/programming/files/avr8-gnu-toolchain/bin/../lib/gcc/avr/4.9.2/avr51\libgcc.a(_clear_bss.o)
 .text.avr-libc.fplib
                0x00001872       0x5e e:/programming/files/avr8-gnu-toolchain/bin/../lib/gcc/avr/4.9.2/../../../../avr/lib/avr51\libm.a(fixunssfsi.o)
                0x00001872                __fixunssfsi
 .text.avr-libc.fplib
                0x000018d0       0x7a e:/programming/files/avr8-gnu-toolchain/bin/../lib/gcc/avr/4.9.2/../../../../avr/lib/avr51\libm.a(floatsisf.o)
                0x000018d0                __floatunsisf
                0x000018d4                __floatsisf
 .text.avr-libc.fplib
                0x0000194a       0x44 e:/programming/files/avr8-gnu-toolchain/bin/../lib/gcc/avr/4.9.2/../../../../avr/lib/avr51\libm.a(fp_split3.o)
                0x0000194a                __fp_split3
                0x0000195a                __fp_splitA
 .text.avr-libc.fplib
                0x0000198e        0xe e:/programming/files/avr8-gnu-toolchain/bin/../lib/gcc/avr/4.9.2/../../../../avr/lib/avr51\libm.a(fp_zero.o)
                0x0000198e                __fp_zero
                0x00001990                __fp_szero
 .text.avr-libc.fplib
                0x0000199c        0x8 e:/programming/files/avr8-gnu-toolchain/bin/../lib/gcc/avr/4.9.2/../../../../avr/lib/avr51\libm.a(mulsf3.o)
                0x0000199c                __mulsf3
 .text.avr-libc.fplib
                0x000019a4       0xd2 e:/programming/files/avr8-gnu-toolchain/bin/../lib/gcc/avr/4.9.2/../../../../avr/lib/avr51\libm.a(mulsf3x.o)
                0x000019c2                __mulsf3x
                0x000019c8                __mulsf3_pse
 .text.avr-libc.fplib
                0x00001a76        0xc e:/programming/files/avr8-gnu-toolchain/bin/../lib/gcc/avr/4.9.2/../../../../avr/lib/avr51\libm.a(fp_inf.o)
                0x00001a76                __fp_inf
 .text.avr-libc.fplib
                0x00001a82        0x6 e:/programming/files/avr8-gnu-toolchain/bin/../lib/gcc/avr/4.9.2/../../../../avr/lib/avr51\libm.a(fp_nan.o)
                0x00001a82                __fp_nan
 .text.avr-libc.fplib
                0x00001a88        0xe e:/programming/files/avr8-gnu-toolchain/bin/../lib/gcc/avr/4.9.2/../../../../avr/lib/avr51\libm.a(fp_pscA.o)
                0x00001a88                __fp_pscA
 .text.avr-libc.fplib
                0x00001a96        0xe e:/programming/files/avr8-gnu-toolchain/bin/../lib/gcc/avr/4.9.2/../../../../avr/lib/avr51\libm.a(fp_pscB.o)
                0x00001a96                __fp_pscB
 .text.avr-libc.fplib
                0x00001aa4       0x22 e:/programming/files/avr8-gnu-toolchain/bin/../lib/gcc/avr/4.9.2/../../../../avr/lib/avr51\libm.a(fp_round.o)
                0x00001aa4                __fp_round
                0x00001ac6                . = ALIGN (0x2)
 *(.fini9)
 .fini9         0x00001ac6        0x0 e:/programming/files/avr8-gnu-toolchain/bin/../lib/gcc/avr/4.9.2/avr51\libgcc.a(_exit.o)
                0x00001ac6                _exit
                0x00001ac6                exit
 *(.fini9)
 *(.fini8)
 *(.fini8)
 *(.fini7)
 *(.fini7)
 *(.fini6)
 *(.fini6)
 *(.fini5)
 *(.fini5)
 *(.fini4)
 *(.fini4)
 *(.fini3)
 *(.fini3)
 *(.fini2)
 *(.fini2)
 *(.fini1)
 *(.fini1)
 *(.fini0)
 .fini0         0x00001ac6        0x4 e:/programming/files/avr8-gnu-toolchain/bin/../lib/gcc/avr/4.9.2/avr51\libgcc.a(_exit.o)
 *(.fini0)
                0x00001aca                _etext = .

.data           0x00800100       0x5c load address 0x00001aca
                0x00800100                PROVIDE (__data_start, .)
 *(.data)
 .data          0x00800100        0x0 e:/programming/files/avr8-gnu-toolchain/bin/../lib/gcc/avr/4.9.2/../../../../avr/lib/avr51/crtatmega128.o
 .data          0x00800100        0x0 obj\Debug\MCAL_ATmega128\source\adc.o
 .data          0x00800100        0x0 obj\Debug\MCAL_ATmega128\source\gpio.o
 .data          0x00800100        0x0 obj\Debug\MCAL_ATmega128\source\timer.o
 .data          0x00800100        0x0 obj\Debug\MCAL_ATmega128\source\uart.o
 .data          0x00800100        0x0 obj\Debug\Applications\LogicAnalyzer\main.o
 .data          0x00800100        0x0 e:/programming/files/avr8-gnu-toolchain/bin/../lib/gcc/avr/4.9.2/avr51\libgcc.a(_udivmodsi4.o)
 .data          0x00800100        0x0 e:/programming/files/avr8-gnu-toolchain/bin/../lib/gcc/avr/4.9.2/avr51\libgcc.a(_exit.o)
 .data          0x00800100        0x0 e:/programming/files/avr8-gnu-toolchain/bin/../lib/gcc/avr/4.9.2/avr51\libgcc.a(_copy_data.o)
 .data          0x00800100        0x0 e:/programming/files/avr8-gnu-toolchain/bin/../lib/gcc/avr/4.9.2/avr51\libgcc.a(_clear_bss.o)
 .data          0x00800100        0x0 e:/programming/files/avr8-gnu-toolchain/bin/../lib/gcc/avr/4.9.2/../../../../avr/lib/avr51\libm.a(fixunssfsi.o)
 .data          0x00800100        0x0 e:/programming/files/avr8-gnu-toolchain/bin/../lib/gcc/avr/4.9.2/../../../../avr/lib/avr51\libm.a(floatsisf.o)
 .data          0x00800100        0x0 e:/programming/files/avr8-gnu-toolchain/bin/../lib/gcc/avr/4.9.2/../../../../avr/lib/avr51\libm.a(fp_split3.o)
 .data          0x00800100        0x0 e:/programming/files/avr8-gnu-toolchain/bin/../lib/gcc/avr/4.9.2/../../../../avr/lib/avr51\libm.a(fp_zero.o)
 .data          0x00800100        0x0 e:/programming/files/avr8-gnu-toolchain/bin/../lib/gcc/avr/4.9.2/../../../../avr/lib/avr51\libm.a(mulsf3.o)
 .data          0x00800100        0x0 e:/programming/files/avr8-gnu-toolchain/bin/../lib/gcc/avr/4.9.2/../../../../avr/lib/avr51\libm.a(mulsf3x.o)
 .data          0x00800100        0x0 e:/programming/files/avr8-gnu-toolchain/bin/../lib/gcc/avr/4.9.2/../../../../avr/lib/avr51\libm.a(fp_inf.o)
 .data          0x00800100        0x0 e:/programming/files/avr8-gnu-toolchain/bin/../lib/gcc/avr/4.9.2/../../../../avr/lib/avr51\libm.a(fp_nan.o)
 .data          0x00800100        0x0 e:/programming/files/avr8-gnu-toolchain/bin/../lib/gcc/avr/4.9.2/../../../../avr/lib/avr51\libm.a(fp_pscA.o)
 .data          0x00800100        0x0 e:/programming/files/avr8-gnu-toolchain/bin/../lib/gcc/avr/4.9.2/../../../../avr/lib/avr51\libm.a(fp_pscB.o)
 .data          0x00800100        0x0 e:/programming/files/avr8-gnu-toolchain/bin/../lib/gcc/avr/4.9.2/../../../../avr/lib/avr51\libm.a(fp_round.o)
 *(.data*)
 *(.rodata)
 .rodata        0x00800100       0x1c obj\Debug\MCAL_ATmega128\source\gpio.o
 .rodata        0x0080011c       0x40 obj\Debug\MCAL_ATmega128\source\timer.o
 *(.rodata*)
 *(.gnu.linkonce.d*)
                0x0080015c                . = ALIGN (0x2)
                0x0080015c                _edata = .
                0x0080015c                PROVIDE (__data_end, .)

.bss            0x0080015c       0x29
                0x0080015c                PROVIDE (__bss_start, .)
 *(.bss)
 .bss           0x0080015c        0x0 e:/programming/files/avr8-gnu-toolchain/bin/../lib/gcc/avr/4.9.2/../../../../avr/lib/avr51/crtatmega128.o
 .bss           0x0080015c        0x2 obj\Debug\MCAL_ATmega128\source\adc.o
 .bss           0x0080015e        0x0 obj\Debug\MCAL_ATmega128\source\gpio.o
 .bss           0x0080015e       0x20 obj\Debug\MCAL_ATmega128\source\timer.o
 .bss           0x0080017e        0x4 obj\Debug\MCAL_ATmega128\source\uart.o
 .bss           0x00800182        0x3 obj\Debug\Applications\LogicAnalyzer\main.o
 .bss           0x00800185        0x0 e:/programming/files/avr8-gnu-toolchain/bin/../lib/gcc/avr/4.9.2/avr51\libgcc.a(_udivmodsi4.o)
 .bss           0x00800185        0x0 e:/programming/files/avr8-gnu-toolchain/bin/../lib/gcc/avr/4.9.2/avr51\libgcc.a(_exit.o)
 .bss           0x00800185        0x0 e:/programming/files/avr8-gnu-toolchain/bin/../lib/gcc/avr/4.9.2/avr51\libgcc.a(_copy_data.o)
 .bss           0x00800185        0x0 e:/programming/files/avr8-gnu-toolchain/bin/../lib/gcc/avr/4.9.2/avr51\libgcc.a(_clear_bss.o)
 .bss           0x00800185        0x0 e:/programming/files/avr8-gnu-toolchain/bin/../lib/gcc/avr/4.9.2/../../../../avr/lib/avr51\libm.a(fixunssfsi.o)
 .bss           0x00800185        0x0 e:/programming/files/avr8-gnu-toolchain/bin/../lib/gcc/avr/4.9.2/../../../../avr/lib/avr51\libm.a(floatsisf.o)
 .bss           0x00800185        0x0 e:/programming/files/avr8-gnu-toolchain/bin/../lib/gcc/avr/4.9.2/../../../../avr/lib/avr51\libm.a(fp_split3.o)
 .bss           0x00800185        0x0 e:/programming/files/avr8-gnu-toolchain/bin/../lib/gcc/avr/4.9.2/../../../../avr/lib/avr51\libm.a(fp_zero.o)
 .bss           0x00800185        0x0 e:/programming/files/avr8-gnu-toolchain/bin/../lib/gcc/avr/4.9.2/../../../../avr/lib/avr51\libm.a(mulsf3.o)
 .bss           0x00800185        0x0 e:/programming/files/avr8-gnu-toolchain/bin/../lib/gcc/avr/4.9.2/../../../../avr/lib/avr51\libm.a(mulsf3x.o)
 .bss           0x00800185        0x0 e:/programming/files/avr8-gnu-toolchain/bin/../lib/gcc/avr/4.9.2/../../../../avr/lib/avr51\libm.a(fp_inf.o)
 .bss           0x00800185        0x0 e:/programming/files/avr8-gnu-toolchain/bin/../lib/gcc/avr/4.9.2/../../../../avr/lib/avr51\libm.a(fp_nan.o)
 .bss           0x00800185        0x0 e:/programming/files/avr8-gnu-toolchain/bin/../lib/gcc/avr/4.9.2/../../../../avr/lib/avr51\libm.a(fp_pscA.o)
 .bss           0x00800185        0x0 e:/programming/files/avr8-gnu-toolchain/bin/../lib/gcc/avr/4.9.2/../../../../avr/lib/avr51\libm.a(fp_pscB.o)
 .bss           0x00800185        0x0 e:/programming/files/avr8-gnu-toolchain/bin/../lib/gcc/avr/4.9.2/../../../../avr/lib/avr51\libm.a(fp_round.o)
 *(.bss*)
 *(COMMON)
                0x00800185                PROVIDE (__bss_end, .)
                0x00001aca                __data_load_start = LOADADDR (.data)
                0x00001b26                __data_load_end = (__data_load_start + SIZEOF (.data))

.noinit         0x00800185        0x0
                [!provide]                PROVIDE (__noinit_start, .)
 *(.noinit*)
                [!provide]                PROVIDE (__noinit_end, .)
                0x00800185                _end = .
                [!provide]                PROVIDE (__heap_start, .)

.eeprom         0x00810000        0x0
 *(.eeprom*)
                0x00810000                __eeprom_end = .

.fuse
 *(.fuse)
 *(.lfuse)
 *(.hfuse)
 *(.efuse)

.lock
 *(.lock*)

.signature
 *(.signature*)

.user_signatures
 *(.user_signatures*)

.stab
 *(.stab)

.stabstr
 *(.stabstr)

.stab.excl
 *(.stab.excl)

.stab.exclstr
 *(.stab.exclstr)

.stab.index
 *(.stab.index)

.stab.indexstr
 *(.stab.indexstr)

.comment        0x00000000       0x30
 *(.comment)
 .comment       0x00000000       0x30 obj\Debug\MCAL_ATmega128\source\adc.o
                                 0x31 (size before relaxing)
 .comment       0x00000030       0x31 obj\Debug\MCAL_ATmega128\source\gpio.o
 .comment       0x00000030       0x31 obj\Debug\MCAL_ATmega128\source\timer.o
 .comment       0x00000030       0x31 obj\Debug\MCAL_ATmega128\source\uart.o
 .comment       0x00000030       0x31 obj\Debug\Applications\LogicAnalyzer\main.o

.note.gnu.avr.deviceinfo
                0x00000000       0x3c
 .note.gnu.avr.deviceinfo
                0x00000000       0x3c e:/programming/files/avr8-gnu-toolchain/bin/../lib/gcc/avr/4.9.2/../../../../avr/lib/avr51/crtatmega128.o

.note.gnu.build-id
 *(.note.gnu.build-id)

.debug
 *(.debug)

.line
 *(.line)

.debug_srcinfo
 *(.debug_srcinfo)

.debug_sfnames
 *(.debug_sfnames)

.debug_aranges
 *(.debug_aranges)

.debug_pubnames
 *(.debug_pubnames)

.debug_info     0x00000000      0x780
 *(.debug_info .gnu.linkonce.wi.*)
 .debug_info    0x00000000      0x780 e:/programming/files/avr8-gnu-toolchain/bin/../lib/gcc/avr/4.9.2/../../../../avr/lib/avr51/crtatmega128.o

.debug_abbrev   0x00000000      0x718
 *(.debug_abbrev)
 .debug_abbrev  0x00000000      0x718 e:/programming/files/avr8-gnu-toolchain/bin/../lib/gcc/avr/4.9.2/../../../../avr/lib/avr51/crtatmega128.o

.debug_line     0x00000000       0x1a
 *(.debug_line .debug_line.* .debug_line_end)
 .debug_line    0x00000000       0x1a e:/programming/files/avr8-gnu-toolchain/bin/../lib/gcc/avr/4.9.2/../../../../avr/lib/avr51/crtatmega128.o

.debug_frame
 *(.debug_frame)

.debug_str      0x00000000      0x27d
 *(.debug_str)
 .debug_str     0x00000000      0x27d e:/programming/files/avr8-gnu-toolchain/bin/../lib/gcc/avr/4.9.2/../../../../avr/lib/avr51/crtatmega128.o

.debug_loc
 *(.debug_loc)

.debug_macinfo
 *(.debug_macinfo)

.debug_weaknames
 *(.debug_weaknames)

.debug_funcnames
 *(.debug_funcnames)

.debug_typenames
 *(.debug_typenames)

.debug_varnames
 *(.debug_varnames)

.debug_pubtypes
 *(.debug_pubtypes)

.debug_ranges
 *(.debug_ranges)

.debug_macro
 *(.debug_macro)
OUTPUT(bin\Debug\LogicAnalyzer.elf elf32-avr)
LOAD linker stubs

Cross Reference Table

Symbol                                            File
Adc0_CbConvComp                                   obj\Debug\MCAL_ATmega128\source\adc.o
Adc0_Init                                         obj\Debug\MCAL_ATmega128\source\adc.o
                                                  obj\Debug\Applications\LogicAnalyzer\main.o
Adc0_Read                                         obj\Debug\MCAL_ATmega128\source\adc.o
Adc0_SetChannel                                   obj\Debug\MCAL_ATmega128\source\adc.o
                                                  obj\Debug\Applications\LogicAnalyzer\main.o
Gpio_Init                                         obj\Debug\MCAL_ATmega128\source\gpio.o
                                                  obj\Debug\Applications\LogicAnalyzer\main.o
Gpio_InitAdc0                                     obj\Debug\MCAL_ATmega128\source\gpio.o
Gpio_InitSpi0                                     obj\Debug\MCAL_ATmega128\source\gpio.o
Gpio_InitTimer0                                   obj\Debug\MCAL_ATmega128\source\gpio.o
Gpio_InitTimer1                                   obj\Debug\MCAL_ATmega128\source\gpio.o
Gpio_InitTimer2                                   obj\Debug\MCAL_ATmega128\source\gpio.o
Gpio_InitTimer3                                   obj\Debug\MCAL_ATmega128\source\gpio.o
Timer0_CbCmpMatch                                 obj\Debug\MCAL_ATmega128\source\timer.o
Timer0_CbOverflow                                 obj\Debug\MCAL_ATmega128\source\timer.o
Timer0_Count                                      obj\Debug\MCAL_ATmega128\source\timer.o
Timer0_Init                                       obj\Debug\MCAL_ATmega128\source\timer.o
                                                  obj\Debug\Applications\LogicAnalyzer\main.o
Timer0_IsCmpMatch                                 obj\Debug\MCAL_ATmega128\source\timer.o
Timer0_IsOverflow                                 obj\Debug\MCAL_ATmega128\source\timer.o
Timer0_Reset                                      obj\Debug\MCAL_ATmega128\source\timer.o
                                                  obj\Debug\Applications\LogicAnalyzer\main.o
Timer0_SetCmpMatch                                obj\Debug\MCAL_ATmega128\source\timer.o
                                                  obj\Debug\Applications\LogicAnalyzer\main.o
Timer0_SetDc                                      obj\Debug\MCAL_ATmega128\source\timer.o
Timer0_SetTime                                    obj\Debug\MCAL_ATmega128\source\timer.o
Timer0_Start                                      obj\Debug\MCAL_ATmega128\source\timer.o
Timer0_Stop                                       obj\Debug\MCAL_ATmega128\source\timer.o
                                                  obj\Debug\Applications\LogicAnalyzer\main.o
Timer1_CbCapture                                  obj\Debug\MCAL_ATmega128\source\timer.o
Timer1_CbCmpMatch                                 obj\Debug\MCAL_ATmega128\source\timer.o
Timer1_CbOverflow                                 obj\Debug\MCAL_ATmega128\source\timer.o
Timer1_Count                                      obj\Debug\MCAL_ATmega128\source\timer.o
Timer1_Init                                       obj\Debug\MCAL_ATmega128\source\timer.o
Timer1_IsCapture                                  obj\Debug\MCAL_ATmega128\source\timer.o
Timer1_IsCmpMatch                                 obj\Debug\MCAL_ATmega128\source\timer.o
Timer1_IsOverflow                                 obj\Debug\MCAL_ATmega128\source\timer.o
Timer1_Reset                                      obj\Debug\MCAL_ATmega128\source\timer.o
Timer1_SetCmpMatch                                obj\Debug\MCAL_ATmega128\source\timer.o
Timer1_SetDc                                      obj\Debug\MCAL_ATmega128\source\timer.o
Timer1_SetTime                                    obj\Debug\MCAL_ATmega128\source\timer.o
Timer1_Start                                      obj\Debug\MCAL_ATmega128\source\timer.o
Timer1_Stop                                       obj\Debug\MCAL_ATmega128\source\timer.o
Timer2_CbCmpMatch                                 obj\Debug\MCAL_ATmega128\source\timer.o
Timer2_CbOverflow                                 obj\Debug\MCAL_ATmega128\source\timer.o
Timer2_Count                                      obj\Debug\MCAL_ATmega128\source\timer.o
Timer2_Init                                       obj\Debug\MCAL_ATmega128\source\timer.o
Timer2_IsCmpMatch                                 obj\Debug\MCAL_ATmega128\source\timer.o
Timer2_IsOverflow                                 obj\Debug\MCAL_ATmega128\source\timer.o
Timer2_Reset                                      obj\Debug\MCAL_ATmega128\source\timer.o
Timer2_SetCmpMatch                                obj\Debug\MCAL_ATmega128\source\timer.o
Timer2_SetDc                                      obj\Debug\MCAL_ATmega128\source\timer.o
Timer2_SetTime                                    obj\Debug\MCAL_ATmega128\source\timer.o
Timer2_Start                                      obj\Debug\MCAL_ATmega128\source\timer.o
Timer2_Stop                                       obj\Debug\MCAL_ATmega128\source\timer.o
Timer3_CbCapture                                  obj\Debug\MCAL_ATmega128\source\timer.o
Timer3_CbCmpMatch                                 obj\Debug\MCAL_ATmega128\source\timer.o
Timer3_CbOverflow                                 obj\Debug\MCAL_ATmega128\source\timer.o
Timer3_Count                                      obj\Debug\MCAL_ATmega128\source\timer.o
Timer3_Init                                       obj\Debug\MCAL_ATmega128\source\timer.o
Timer3_IsCapture                                  obj\Debug\MCAL_ATmega128\source\timer.o
Timer3_IsCmpMatch                                 obj\Debug\MCAL_ATmega128\source\timer.o
Timer3_IsOverflow                                 obj\Debug\MCAL_ATmega128\source\timer.o
Timer3_Reset                                      obj\Debug\MCAL_ATmega128\source\timer.o
Timer3_SetCmpMatch                                obj\Debug\MCAL_ATmega128\source\timer.o
Timer3_SetDc                                      obj\Debug\MCAL_ATmega128\source\timer.o
Timer3_SetTime                                    obj\Debug\MCAL_ATmega128\source\timer.o
Timer3_Start                                      obj\Debug\MCAL_ATmega128\source\timer.o
Timer3_Stop                                       obj\Debug\MCAL_ATmega128\source\timer.o
Uart0_CbRecv                                      obj\Debug\MCAL_ATmega128\source\uart.o
                                                  obj\Debug\Applications\LogicAnalyzer\main.o
Uart0_Get                                         obj\Debug\MCAL_ATmega128\source\uart.o
Uart0_GetA                                        obj\Debug\MCAL_ATmega128\source\uart.o
Uart0_GetC                                        obj\Debug\MCAL_ATmega128\source\uart.o
Uart0_GetS                                        obj\Debug\MCAL_ATmega128\source\uart.o
Uart0_Init                                        obj\Debug\MCAL_ATmega128\source\uart.o
                                                  obj\Debug\Applications\LogicAnalyzer\main.o
Uart0_PutA                                        obj\Debug\MCAL_ATmega128\source\uart.o
Uart0_PutC                                        obj\Debug\MCAL_ATmega128\source\uart.o
                                                  obj\Debug\Applications\LogicAnalyzer\main.o
Uart0_PutS                                        obj\Debug\MCAL_ATmega128\source\uart.o
Uart1_CbRecv                                      obj\Debug\MCAL_ATmega128\source\uart.o
Uart1_Get                                         obj\Debug\MCAL_ATmega128\source\uart.o
Uart1_GetA                                        obj\Debug\MCAL_ATmega128\source\uart.o
Uart1_GetC                                        obj\Debug\MCAL_ATmega128\source\uart.o
Uart1_GetS                                        obj\Debug\MCAL_ATmega128\source\uart.o
Uart1_Init                                        obj\Debug\MCAL_ATmega128\source\uart.o
Uart1_PutA                                        obj\Debug\MCAL_ATmega128\source\uart.o
Uart1_PutC                                        obj\Debug\MCAL_ATmega128\source\uart.o
Uart1_PutS                                        obj\Debug\MCAL_ATmega128\source\uart.o
__FUSE_REGION_LENGTH__                            e:/programming/files/avr8-gnu-toolchain/bin/../lib/gcc/avr/4.9.2/../../../../avr/lib/avr51/crtatmega128.o
__bad_interrupt                                   e:/programming/files/avr8-gnu-toolchain/bin/../lib/gcc/avr/4.9.2/../../../../avr/lib/avr51/crtatmega128.o
__bss_end                                         e:/programming/files/avr8-gnu-toolchain/bin/../lib/gcc/avr/4.9.2/avr51\libgcc.a(_clear_bss.o)
__bss_start                                       e:/programming/files/avr8-gnu-toolchain/bin/../lib/gcc/avr/4.9.2/avr51\libgcc.a(_clear_bss.o)
__data_end                                        e:/programming/files/avr8-gnu-toolchain/bin/../lib/gcc/avr/4.9.2/avr51\libgcc.a(_copy_data.o)
__data_load_start                                 e:/programming/files/avr8-gnu-toolchain/bin/../lib/gcc/avr/4.9.2/avr51\libgcc.a(_copy_data.o)
__data_start                                      e:/programming/files/avr8-gnu-toolchain/bin/../lib/gcc/avr/4.9.2/avr51\libgcc.a(_copy_data.o)
__do_clear_bss                                    e:/programming/files/avr8-gnu-toolchain/bin/../lib/gcc/avr/4.9.2/avr51\libgcc.a(_clear_bss.o)
                                                  obj\Debug\Applications\LogicAnalyzer\main.o
                                                  obj\Debug\MCAL_ATmega128\source\uart.o
                                                  obj\Debug\MCAL_ATmega128\source\timer.o
                                                  obj\Debug\MCAL_ATmega128\source\adc.o
__do_copy_data                                    e:/programming/files/avr8-gnu-toolchain/bin/../lib/gcc/avr/4.9.2/avr51\libgcc.a(_copy_data.o)
                                                  obj\Debug\MCAL_ATmega128\source\timer.o
                                                  obj\Debug\MCAL_ATmega128\source\gpio.o
__fixunssfsi                                      e:/programming/files/avr8-gnu-toolchain/bin/../lib/gcc/avr/4.9.2/../../../../avr/lib/avr51\libm.a(fixunssfsi.o)
                                                  obj\Debug\MCAL_ATmega128\source\timer.o
__floatsisf                                       e:/programming/files/avr8-gnu-toolchain/bin/../lib/gcc/avr/4.9.2/../../../../avr/lib/avr51\libm.a(floatsisf.o)
                                                  obj\Debug\MCAL_ATmega128\source\timer.o
__floatunsisf                                     e:/programming/files/avr8-gnu-toolchain/bin/../lib/gcc/avr/4.9.2/../../../../avr/lib/avr51\libm.a(floatsisf.o)
__fp_inf                                          e:/programming/files/avr8-gnu-toolchain/bin/../lib/gcc/avr/4.9.2/../../../../avr/lib/avr51\libm.a(fp_inf.o)
                                                  e:/programming/files/avr8-gnu-toolchain/bin/../lib/gcc/avr/4.9.2/../../../../avr/lib/avr51\libm.a(mulsf3x.o)
__fp_nan                                          e:/programming/files/avr8-gnu-toolchain/bin/../lib/gcc/avr/4.9.2/../../../../avr/lib/avr51\libm.a(fp_nan.o)
                                                  e:/programming/files/avr8-gnu-toolchain/bin/../lib/gcc/avr/4.9.2/../../../../avr/lib/avr51\libm.a(mulsf3x.o)
__fp_pscA                                         e:/programming/files/avr8-gnu-toolchain/bin/../lib/gcc/avr/4.9.2/../../../../avr/lib/avr51\libm.a(fp_pscA.o)
                                                  e:/programming/files/avr8-gnu-toolchain/bin/../lib/gcc/avr/4.9.2/../../../../avr/lib/avr51\libm.a(mulsf3x.o)
__fp_pscB                                         e:/programming/files/avr8-gnu-toolchain/bin/../lib/gcc/avr/4.9.2/../../../../avr/lib/avr51\libm.a(fp_pscB.o)
                                                  e:/programming/files/avr8-gnu-toolchain/bin/../lib/gcc/avr/4.9.2/../../../../avr/lib/avr51\libm.a(mulsf3x.o)
__fp_round                                        e:/programming/files/avr8-gnu-toolchain/bin/../lib/gcc/avr/4.9.2/../../../../avr/lib/avr51\libm.a(fp_round.o)
                                                  e:/programming/files/avr8-gnu-toolchain/bin/../lib/gcc/avr/4.9.2/../../../../avr/lib/avr51\libm.a(mulsf3.o)
__fp_split3                                       e:/programming/files/avr8-gnu-toolchain/bin/../lib/gcc/avr/4.9.2/../../../../avr/lib/avr51\libm.a(fp_split3.o)
                                                  e:/programming/files/avr8-gnu-toolchain/bin/../lib/gcc/avr/4.9.2/../../../../avr/lib/avr51\libm.a(mulsf3x.o)
__fp_splitA                                       e:/programming/files/avr8-gnu-toolchain/bin/../lib/gcc/avr/4.9.2/../../../../avr/lib/avr51\libm.a(fp_split3.o)
                                                  e:/programming/files/avr8-gnu-toolchain/bin/../lib/gcc/avr/4.9.2/../../../../avr/lib/avr51\libm.a(fixunssfsi.o)
__fp_szero                                        e:/programming/files/avr8-gnu-toolchain/bin/../lib/gcc/avr/4.9.2/../../../../avr/lib/avr51\libm.a(fp_zero.o)
                                                  e:/programming/files/avr8-gnu-toolchain/bin/../lib/gcc/avr/4.9.2/../../../../avr/lib/avr51\libm.a(mulsf3x.o)
__fp_zero                                         e:/programming/files/avr8-gnu-toolchain/bin/../lib/gcc/avr/4.9.2/../../../../avr/lib/avr51\libm.a(fp_zero.o)
                                                  e:/programming/files/avr8-gnu-toolchain/bin/../lib/gcc/avr/4.9.2/../../../../avr/lib/avr51\libm.a(fixunssfsi.o)
__heap_end                                        e:/programming/files/avr8-gnu-toolchain/bin/../lib/gcc/avr/4.9.2/../../../../avr/lib/avr51/crtatmega128.o
__init                                            e:/programming/files/avr8-gnu-toolchain/bin/../lib/gcc/avr/4.9.2/../../../../avr/lib/avr51/crtatmega128.o
__mulsf3                                          e:/programming/files/avr8-gnu-toolchain/bin/../lib/gcc/avr/4.9.2/../../../../avr/lib/avr51\libm.a(mulsf3.o)
                                                  obj\Debug\MCAL_ATmega128\source\timer.o
__mulsf3_pse                                      e:/programming/files/avr8-gnu-toolchain/bin/../lib/gcc/avr/4.9.2/../../../../avr/lib/avr51\libm.a(mulsf3x.o)
__mulsf3x                                         e:/programming/files/avr8-gnu-toolchain/bin/../lib/gcc/avr/4.9.2/../../../../avr/lib/avr51\libm.a(mulsf3x.o)
                                                  e:/programming/files/avr8-gnu-toolchain/bin/../lib/gcc/avr/4.9.2/../../../../avr/lib/avr51\libm.a(mulsf3.o)
__stack                                           e:/programming/files/avr8-gnu-toolchain/bin/../lib/gcc/avr/4.9.2/../../../../avr/lib/avr51/crtatmega128.o
__udivmodsi4                                      e:/programming/files/avr8-gnu-toolchain/bin/../lib/gcc/avr/4.9.2/avr51\libgcc.a(_udivmodsi4.o)
                                                  obj\Debug\MCAL_ATmega128\source\uart.o
__vector_1                                        e:/programming/files/avr8-gnu-toolchain/bin/../lib/gcc/avr/4.9.2/../../../../avr/lib/avr51/crtatmega128.o
__vector_10                                       obj\Debug\MCAL_ATmega128\source\timer.o
                                                  e:/programming/files/avr8-gnu-toolchain/bin/../lib/gcc/avr/4.9.2/../../../../avr/lib/avr51/crtatmega128.o
__vector_11                                       obj\Debug\MCAL_ATmega128\source\timer.o
                                                  e:/programming/files/avr8-gnu-toolchain/bin/../lib/gcc/avr/4.9.2/../../../../avr/lib/avr51/crtatmega128.o
__vector_12                                       obj\Debug\MCAL_ATmega128\source\timer.o
                                                  e:/programming/files/avr8-gnu-toolchain/bin/../lib/gcc/avr/4.9.2/../../../../avr/lib/avr51/crtatmega128.o
__vector_13                                       obj\Debug\MCAL_ATmega128\source\timer.o
                                                  e:/programming/files/avr8-gnu-toolchain/bin/../lib/gcc/avr/4.9.2/../../../../avr/lib/avr51/crtatmega128.o
__vector_14                                       obj\Debug\MCAL_ATmega128\source\timer.o
                                                  e:/programming/files/avr8-gnu-toolchain/bin/../lib/gcc/avr/4.9.2/../../../../avr/lib/avr51/crtatmega128.o
__vector_15                                       obj\Debug\MCAL_ATmega128\source\timer.o
                                                  e:/programming/files/avr8-gnu-toolchain/bin/../lib/gcc/avr/4.9.2/../../../../avr/lib/avr51/crtatmega128.o
__vector_16                                       obj\Debug\MCAL_ATmega128\source\timer.o
                                                  e:/programming/files/avr8-gnu-toolchain/bin/../lib/gcc/avr/4.9.2/../../../../avr/lib/avr51/crtatmega128.o
__vector_17                                       e:/programming/files/avr8-gnu-toolchain/bin/../lib/gcc/avr/4.9.2/../../../../avr/lib/avr51/crtatmega128.o
__vector_18                                       obj\Debug\MCAL_ATmega128\source\uart.o
                                                  e:/programming/files/avr8-gnu-toolchain/bin/../lib/gcc/avr/4.9.2/../../../../avr/lib/avr51/crtatmega128.o
__vector_19                                       e:/programming/files/avr8-gnu-toolchain/bin/../lib/gcc/avr/4.9.2/../../../../avr/lib/avr51/crtatmega128.o
__vector_2                                        e:/programming/files/avr8-gnu-toolchain/bin/../lib/gcc/avr/4.9.2/../../../../avr/lib/avr51/crtatmega128.o
__vector_20                                       e:/programming/files/avr8-gnu-toolchain/bin/../lib/gcc/avr/4.9.2/../../../../avr/lib/avr51/crtatmega128.o
__vector_21                                       obj\Debug\MCAL_ATmega128\source\adc.o
                                                  e:/programming/files/avr8-gnu-toolchain/bin/../lib/gcc/avr/4.9.2/../../../../avr/lib/avr51/crtatmega128.o
__vector_22                                       e:/programming/files/avr8-gnu-toolchain/bin/../lib/gcc/avr/4.9.2/../../../../avr/lib/avr51/crtatmega128.o
__vector_23                                       e:/programming/files/avr8-gnu-toolchain/bin/../lib/gcc/avr/4.9.2/../../../../avr/lib/avr51/crtatmega128.o
__vector_24                                       obj\Debug\MCAL_ATmega128\source\timer.o
                                                  e:/programming/files/avr8-gnu-toolchain/bin/../lib/gcc/avr/4.9.2/../../../../avr/lib/avr51/crtatmega128.o
__vector_25                                       obj\Debug\MCAL_ATmega128\source\timer.o
                                                  e:/programming/files/avr8-gnu-toolchain/bin/../lib/gcc/avr/4.9.2/../../../../avr/lib/avr51/crtatmega128.o
__vector_26                                       obj\Debug\MCAL_ATmega128\source\timer.o
                                                  e:/programming/files/avr8-gnu-toolchain/bin/../lib/gcc/avr/4.9.2/../../../../avr/lib/avr51/crtatmega128.o
__vector_27                                       obj\Debug\MCAL_ATmega128\source\timer.o
                                                  e:/programming/files/avr8-gnu-toolchain/bin/../lib/gcc/avr/4.9.2/../../../../avr/lib/avr51/crtatmega128.o
__vector_28                                       obj\Debug\MCAL_ATmega128\source\timer.o
                                                  e:/programming/files/avr8-gnu-toolchain/bin/../lib/gcc/avr/4.9.2/../../../../avr/lib/avr51/crtatmega128.o
__vector_29                                       obj\Debug\MCAL_ATmega128\source\timer.o
                                                  e:/programming/files/avr8-gnu-toolchain/bin/../lib/gcc/avr/4.9.2/../../../../avr/lib/avr51/crtatmega128.o
__vector_3                                        e:/programming/files/avr8-gnu-toolchain/bin/../lib/gcc/avr/4.9.2/../../../../avr/lib/avr51/crtatmega128.o
__vector_30                                       obj\Debug\MCAL_ATmega128\source\uart.o
                                                  e:/programming/files/avr8-gnu-toolchain/bin/../lib/gcc/avr/4.9.2/../../../../avr/lib/avr51/crtatmega128.o
__vector_31                                       e:/programming/files/avr8-gnu-toolchain/bin/../lib/gcc/avr/4.9.2/../../../../avr/lib/avr51/crtatmega128.o
__vector_32                                       e:/programming/files/avr8-gnu-toolchain/bin/../lib/gcc/avr/4.9.2/../../../../avr/lib/avr51/crtatmega128.o
__vector_33                                       e:/programming/files/avr8-gnu-toolchain/bin/../lib/gcc/avr/4.9.2/../../../../avr/lib/avr51/crtatmega128.o
__vector_34                                       e:/programming/files/avr8-gnu-toolchain/bin/../lib/gcc/avr/4.9.2/../../../../avr/lib/avr51/crtatmega128.o
__vector_4                                        e:/programming/files/avr8-gnu-toolchain/bin/../lib/gcc/avr/4.9.2/../../../../avr/lib/avr51/crtatmega128.o
__vector_5                                        e:/programming/files/avr8-gnu-toolchain/bin/../lib/gcc/avr/4.9.2/../../../../avr/lib/avr51/crtatmega128.o
__vector_6                                        e:/programming/files/avr8-gnu-toolchain/bin/../lib/gcc/avr/4.9.2/../../../../avr/lib/avr51/crtatmega128.o
__vector_7                                        e:/programming/files/avr8-gnu-toolchain/bin/../lib/gcc/avr/4.9.2/../../../../avr/lib/avr51/crtatmega128.o
__vector_8                                        e:/programming/files/avr8-gnu-toolchain/bin/../lib/gcc/avr/4.9.2/../../../../avr/lib/avr51/crtatmega128.o
__vector_9                                        obj\Debug\MCAL_ATmega128\source\timer.o
                                                  e:/programming/files/avr8-gnu-toolchain/bin/../lib/gcc/avr/4.9.2/../../../../avr/lib/avr51/crtatmega128.o
__vector_default                                  e:/programming/files/avr8-gnu-toolchain/bin/../lib/gcc/avr/4.9.2/../../../../avr/lib/avr51/crtatmega128.o
__vectors                                         e:/programming/files/avr8-gnu-toolchain/bin/../lib/gcc/avr/4.9.2/../../../../avr/lib/avr51/crtatmega128.o
_exit                                             e:/programming/files/avr8-gnu-toolchain/bin/../lib/gcc/avr/4.9.2/avr51\libgcc.a(_exit.o)
exit                                              e:/programming/files/avr8-gnu-toolchain/bin/../lib/gcc/avr/4.9.2/avr51\libgcc.a(_exit.o)
                                                  e:/programming/files/avr8-gnu-toolchain/bin/../lib/gcc/avr/4.9.2/../../../../avr/lib/avr51/crtatmega128.o
main                                              obj\Debug\Applications\LogicAnalyzer\main.o
                                                  e:/programming/files/avr8-gnu-toolchain/bin/../lib/gcc/avr/4.9.2/../../../../avr/lib/avr51/crtatmega128.o
receive_command                                   obj\Debug\Applications\LogicAnalyzer\main.o
